// Jest Snapshot v1, https://goo.gl/fbAQLP

exports[`ex01 bool 1`] = `true`;

exports[`ex01 bool 2`] = `false`;
