// Jest Snapshot v1, https://goo.gl/fbAQLP

exports[`ex03 error diff-view 1`] = `
Object {
  "x": 1,
  "y": 2,
  "z": Object {
    "u": 3,
    "v": 4,
  },
}
`;
