// Jest Snapshot v1, https://goo.gl/fbAQLP

exports[`ex04 sub-dir 1`] = `18181`;
